
                         MODELLER 10.8, 2025/11/04, r13157

     PROTEIN STRUCTURE MODELLING BY SATISFACTION OF SPATIAL RESTRAINTS


                     Copyright(c) 1989-2025 Andrej Sali
                            All Rights Reserved

                             Written by A. Sali
                               with help from
              B. Webb, M.S. Madhusudhan, M-Y. Shen, G.Q. Dong,
          M.A. Marti-Renom, N. Eswar, F. Alber, M. Topf, B. Oliva,
             A. Fiser, R. Sanchez, B. Yerkovich, A. Badretdinov,
                     F. Melo, J.P. Overington, E. Feyfant
                 University of California, San Francisco, USA
                    Rockefeller University, New York, USA
                      Harvard University, Cambridge, USA
                   Imperial Cancer Research Fund, London, UK
              Birkbeck College, University of London, London, UK


Kind, OS, HostName, Kernel, Processor: 4, Linux reshob 6.8.0-138-generic x86_64
Date and time of compilation         : 2025/11/04 18:22:03
MODELLER executable type             : x86_64-intel8
Job starting time (YY/MM/DD HH:MM:SS): 2026/10/08 20:09:46

openf___224_> Open           $(LIB)/restyp.lib
openf___224_> Open           ${MODINSTALL10v8}/modlib/restyp_cif.lib
openf___224_> Open           ${MODINSTALL10v8}/modlib/resgrp.lib
rdresgr_266_> Number of residue groups:        2
openf___224_> Open           ${MODINSTALL10v8}/modlib/sstruc.lib

Dynamically allocated memory at   amaxlibraries [B,KiB,MiB]:       194446     189.889     0.185

Dynamically allocated memory at   amaxlibraries [B,KiB,MiB]:       194974     190.404     0.186
openf___224_> Open           ${MODINSTALL10v8}/modlib/resdih.lib

Dynamically allocated memory at   amaxlibraries [B,KiB,MiB]:       243574     237.865     0.232
rdrdih__263_> Number of dihedral angle types         :        9
              Maximal number of dihedral angle optima:        3
              Dihedral angle names                   :  Alph Phi Psi Omeg chi1 chi2 chi3 chi4 chi5
openf___224_> Open           ${MODINSTALL10v8}/modlib/radii.lib

Dynamically allocated memory at   amaxlibraries [B,KiB,MiB]:       256874     250.854     0.245
openf___224_> Open           ${MODINSTALL10v8}/modlib/af_mnchdef.lib
rdwilmo_274_> Mainchain residue conformation classes:  APBLE
openf___224_> Open           ${MODINSTALL10v8}/modlib/mnch.lib
rdclass_257_> Number of classes:        5
openf___224_> Open           ${MODINSTALL10v8}/modlib/mnch1.lib
openf___224_> Open           ${MODINSTALL10v8}/modlib/mnch2.lib
openf___224_> Open           ${MODINSTALL10v8}/modlib/mnch3.lib
openf___224_> Open           ${MODINSTALL10v8}/modlib/xs4.mat
rdrrwgh_268_> Number of residue types:       21
openf___224_> Open           $(LIB)/top_heav.lib
read_to_681_> topology.submodel read from topology file:        3
openf___224_> Open           $(LIB)/par.lib

Dynamically allocated memory at  amaxparameters [B,KiB,MiB]:       396318     387.029     0.378

Dynamically allocated memory at  amaxparameters [B,KiB,MiB]:       397918     388.592     0.379

Dynamically allocated memory at  amaxparameters [B,KiB,MiB]:       401898     392.479     0.383

Dynamically allocated memory at  amaxparameters [B,KiB,MiB]:       403898     394.432     0.385

Dynamically allocated memory at  amaxparameters [B,KiB,MiB]:       406898     397.361     0.388

Dynamically allocated memory at  amaxparameters [B,KiB,MiB]:       411398     401.756     0.392

Dynamically allocated memory at  amaxparameters [B,KiB,MiB]:       416970     407.197     0.398

Dynamically allocated memory at  amaxparameters [B,KiB,MiB]:       419770     409.932     0.400

Dynamically allocated memory at  amaxparameters [B,KiB,MiB]:       423970     414.033     0.404

Dynamically allocated memory at  amaxparameters [B,KiB,MiB]:       430270     420.186     0.410

Dynamically allocated memory at  amaxparameters [B,KiB,MiB]:       433042     422.893     0.413

Dynamically allocated memory at  amaxparameters [B,KiB,MiB]:       434442     424.260     0.414
read_pa_232_> parameters    BONDS   ANGLS  DIHEDS IMPROPS    MODE
                              227     561     661     112       0
openf___224_> Open           1jwp_step3.pdb

Dynamically allocated memory at amaxcoordinates [B,KiB,MiB]:       445487     435.046     0.425

Dynamically allocated memory at    amaxsequence [B,KiB,MiB]:       445563     435.120     0.425

Dynamically allocated memory at amaxcoordinates [B,KiB,MiB]:       445734     435.287     0.425

Dynamically allocated memory at amaxcoordinates [B,KiB,MiB]:       446584     436.117     0.426

Dynamically allocated memory at amaxcoordinates [B,KiB,MiB]:       447842     437.346     0.427

Dynamically allocated memory at amaxcoordinates [B,KiB,MiB]:       449746     439.205     0.429

Dynamically allocated memory at    amaxsequence [B,KiB,MiB]:       449786     439.244     0.429

Dynamically allocated memory at amaxcoordinates [B,KiB,MiB]:       449876     439.332     0.429

Dynamically allocated memory at amaxcoordinates [B,KiB,MiB]:       452732     442.121     0.432

Dynamically allocated memory at    amaxsequence [B,KiB,MiB]:       452792     442.180     0.432

Dynamically allocated memory at amaxcoordinates [B,KiB,MiB]:       452927     442.312     0.432

Dynamically allocated memory at amaxcoordinates [B,KiB,MiB]:       457211     446.495     0.436

Dynamically allocated memory at    amaxsequence [B,KiB,MiB]:       457299     446.581     0.436

Dynamically allocated memory at amaxcoordinates [B,KiB,MiB]:       457497     446.774     0.436

Dynamically allocated memory at amaxcoordinates [B,KiB,MiB]:       463923     453.050     0.442

Dynamically allocated memory at    amaxsequence [B,KiB,MiB]:       464055     453.179     0.443

Dynamically allocated memory at amaxcoordinates [B,KiB,MiB]:       464352     453.469     0.443

Dynamically allocated memory at amaxcoordinates [B,KiB,MiB]:       473974     462.865     0.452

Dynamically allocated memory at    amaxsequence [B,KiB,MiB]:       474174     463.061     0.452

Dynamically allocated memory at amaxcoordinates [B,KiB,MiB]:       474624     463.500     0.453

Dynamically allocated memory at amaxcoordinates [B,KiB,MiB]:       489074     477.611     0.466

Dynamically allocated memory at    amaxsequence [B,KiB,MiB]:       489374     477.904     0.467

Dynamically allocated memory at amaxcoordinates [B,KiB,MiB]:       490049     478.563     0.467

Dynamically allocated memory at amaxcoordinates [B,KiB,MiB]:       511707     499.714     0.488

Dynamically allocated memory at    amaxsequence [B,KiB,MiB]:       512155     500.151     0.488

Dynamically allocated memory at amaxcoordinates [B,KiB,MiB]:       513163     501.136     0.489

Dynamically allocated memory at amaxcoordinates [B,KiB,MiB]:       545667     532.878     0.520

Dynamically allocated memory at       amaxmodel [B,KiB,MiB]:       777539     759.315     0.742
read_mo_297_> Segments, residues, atoms:        1      263     2023
read_mo_298_> Segment:        1  26:A  290:A     2023

Dynamically allocated memory at   amaxalignment [B,KiB,MiB]:       786126     767.701     0.750

Dynamically allocated memory at   amaxstructure [B,KiB,MiB]:       937239     915.272     0.894
mutate_mode_> Model residue 283 changed from GLY to SER

Dynamically allocated memory at   amaxalignment [B,KiB,MiB]:       940182     918.146     0.897

Dynamically allocated memory at   amaxstructure [B,KiB,MiB]:      1091295    1065.718     1.041

Dynamically allocated memory at       amaxmodel [B,KiB,MiB]:      1120687    1094.421     1.069

mkilst______> segment topology constructed from sequence and RTF:
              segments residues  atoms  bonds angles dihedrals impropers:
                     1      263   2024   2058      0         0       808

Dynamically allocated memory at       amaxmodel [B,KiB,MiB]:      1206367    1178.093     1.150

patch_______> segment topology patched using RTF:  1 ;  HIS  ;  NTER
              segments residues  atoms  bonds angles dihedrals impropers:
                     1      263   2024   2058   2789      3265       808


Dynamically allocated memory at       amaxmodel [B,KiB,MiB]:      1298463    1268.030     1.238
patch_______> segment topology patched using RTF:  263 ;  TRP  ;  CTER
              segments residues  atoms  bonds angles dihedrals impropers:
                     1      263   2025   2059   2791      3267       809

genseg______> segment topology constructed from sequence and RTF:
              segments residues  atoms  bonds angles dihedrals impropers:
                     1      263   2025   2059   2791      3267       809
transfe_506_> MODEL is an average of all templates.
transfe_511_> Number of templates for coordinate transfer:        1
              After transferring coordinates of the equivalent template atoms,
              there are defined, undefined atoms in MODEL:     2023        2
openf___224_> Open           1jwp_step3.pdb

Dynamically allocated memory at amaxcoordinates [B,KiB,MiB]:      1309508    1278.816     1.249

Dynamically allocated memory at    amaxsequence [B,KiB,MiB]:      1309584    1278.891     1.249

Dynamically allocated memory at amaxcoordinates [B,KiB,MiB]:      1309755    1279.058     1.249

Dynamically allocated memory at amaxcoordinates [B,KiB,MiB]:      1310605    1279.888     1.250

Dynamically allocated memory at amaxcoordinates [B,KiB,MiB]:      1311863    1281.116     1.251

Dynamically allocated memory at amaxcoordinates [B,KiB,MiB]:      1313767    1282.976     1.253

Dynamically allocated memory at    amaxsequence [B,KiB,MiB]:      1313807    1283.015     1.253

Dynamically allocated memory at amaxcoordinates [B,KiB,MiB]:      1313897    1283.103     1.253

Dynamically allocated memory at amaxcoordinates [B,KiB,MiB]:      1316753    1285.892     1.256

Dynamically allocated memory at    amaxsequence [B,KiB,MiB]:      1316813    1285.950     1.256

Dynamically allocated memory at amaxcoordinates [B,KiB,MiB]:      1316948    1286.082     1.256

Dynamically allocated memory at amaxcoordinates [B,KiB,MiB]:      1321232    1290.266     1.260

Dynamically allocated memory at    amaxsequence [B,KiB,MiB]:      1321320    1290.352     1.260

Dynamically allocated memory at amaxcoordinates [B,KiB,MiB]:      1321518    1290.545     1.260

Dynamically allocated memory at amaxcoordinates [B,KiB,MiB]:      1327944    1296.820     1.266

Dynamically allocated memory at    amaxsequence [B,KiB,MiB]:      1328076    1296.949     1.267

Dynamically allocated memory at amaxcoordinates [B,KiB,MiB]:      1328373    1297.239     1.267

Dynamically allocated memory at amaxcoordinates [B,KiB,MiB]:      1337995    1306.636     1.276

Dynamically allocated memory at    amaxsequence [B,KiB,MiB]:      1338195    1306.831     1.276

Dynamically allocated memory at amaxcoordinates [B,KiB,MiB]:      1338645    1307.271     1.277

Dynamically allocated memory at amaxcoordinates [B,KiB,MiB]:      1353095    1321.382     1.290

Dynamically allocated memory at    amaxsequence [B,KiB,MiB]:      1353395    1321.675     1.291

Dynamically allocated memory at amaxcoordinates [B,KiB,MiB]:      1354070    1322.334     1.291

Dynamically allocated memory at amaxcoordinates [B,KiB,MiB]:      1375728    1343.484     1.312

Dynamically allocated memory at    amaxsequence [B,KiB,MiB]:      1376176    1343.922     1.312

Dynamically allocated memory at amaxcoordinates [B,KiB,MiB]:      1377184    1344.906     1.313

Dynamically allocated memory at amaxcoordinates [B,KiB,MiB]:      1409688    1376.648     1.344

Dynamically allocated memory at       amaxmodel [B,KiB,MiB]:      1641560    1603.086     1.566
read_mo_297_> Segments, residues, atoms:        1      263     2023
read_mo_298_> Segment:        1  26:A  290:A     2023
  #      ALGNMT CODE

  1  1jwp_step3
  2  1jwp_step3
openf___224_> Open           1jwp_step3SER283.tmp
wrpdb___568_> Residues, atoms, selected atoms:      263     2025     2025
openf___224_> Open           1jwp_step3SER283.tmp

Dynamically allocated memory at       amaxmodel [B,KiB,MiB]:      1641560    1603.086     1.566
read_mo_297_> Segments, residues, atoms:        1      263     2025
read_mo_298_> Segment:        1  26:A  290:A     2025
make_re_417_> Restraint type to be calculated:  stereo

Dynamically allocated memory at  amaxrestraints [B,KiB,MiB]:      1748028    1707.059     1.667

Dynamically allocated memory at  amaxrestraints [B,KiB,MiB]:      1756220    1715.059     1.675

Dynamically allocated memory at  amaxrestraints [B,KiB,MiB]:      1772604    1731.059     1.690

Dynamically allocated memory at  amaxrestraints [B,KiB,MiB]:      1805372    1763.059     1.722

Dynamically allocated memory at  amaxrestraints [B,KiB,MiB]:      1838140    1795.059     1.753

Dynamically allocated memory at  amaxrestraints [B,KiB,MiB]:      1903676    1859.059     1.815

Dynamically allocated memory at  amaxrestraints [B,KiB,MiB]:      1936444    1891.059     1.847

Dynamically allocated memory at  amaxrestraints [B,KiB,MiB]:      1969212    1923.059     1.878

Dynamically allocated memory at  amaxrestraints [B,KiB,MiB]:      2034748    1987.059     1.940

Dynamically allocated memory at  amaxrestraints [B,KiB,MiB]:      2165820    2115.059     2.065

Dynamically allocated memory at  amaxrestraints [B,KiB,MiB]:      2231356    2179.059     2.128

Dynamically allocated memory at  amaxrestraints [B,KiB,MiB]:      2296892    2243.059     2.190

Dynamically allocated memory at  amaxrestraints [B,KiB,MiB]:      2427964    2371.059     2.315
r_stere_606_> Stereochemical restraints were constructed from RTF & PRMF.
              Added bond,angle,dihedral,improper restraints  :     2059    2791    3105     797
              Total number of restraints before, now         :        0     8752
make_re_422_> Number of previous, current restraints         :        0     8752
make_re_423_> Number of previous, current selected restraints:        0     8752
make_re_417_> Restraint type to be calculated:  phi-psi_binormal

Dynamically allocated memory at   amaxstructure [B,KiB,MiB]:      2428032    2371.125     2.316
openf___224_> Open           ${MODINSTALL10v8}/modlib/mnch1.bin
openf___224_> Open           ${MODINSTALL10v8}/modlib/mnch1.mdt
getdata_643_> Protein accepted:  1jwp_step3
getdata_289_> Proteins (all/accepted):        1        1
make_re_422_> Number of previous, current restraints         :     8752     9013
make_re_423_> Number of previous, current selected restraints:     8752     9013
make_re_417_> Restraint type to be calculated:  omega_dihedral

Dynamically allocated memory at   amaxstructure [B,KiB,MiB]:      2428048    2371.141     2.316
openf___224_> Open           ${MODINSTALL10v8}/modlib/omega.bin
openf___224_> Open           ${MODINSTALL10v8}/modlib/omega.mdt
getdata_643_> Protein accepted:  1jwp_step3
getdata_289_> Proteins (all/accepted):        1        1
omgdel__425_> Unselected all O C +N +CA dihedrals:      274
              (This is to avoid clashes between STEREO
              and OMEGA_DIHEDRAL restraints)

Dynamically allocated memory at  amaxrestraints [B,KiB,MiB]:      2690192    2627.141     2.566
make_re_422_> Number of previous, current restraints         :     9013     9275
make_re_423_> Number of previous, current selected restraints:     9013     9001
make_re_417_> Restraint type to be calculated:  chi1_dihedral

Dynamically allocated memory at   amaxstructure [B,KiB,MiB]:      2690192    2627.141     2.566
openf___224_> Open           ${MODINSTALL10v8}/modlib/chi1234.bin
openf___224_> Open           ${MODINSTALL10v8}/modlib/chi1.mdt
getdata_643_> Protein accepted:  1jwp_step3
getdata_289_> Proteins (all/accepted):        1        1
make_re_422_> Number of previous, current restraints         :     9275     9493
make_re_423_> Number of previous, current selected restraints:     9001     9219
make_re_417_> Restraint type to be calculated:  chi2_dihedral

Dynamically allocated memory at   amaxstructure [B,KiB,MiB]:      2690192    2627.141     2.566
openf___224_> Open           ${MODINSTALL10v8}/modlib/chi1234.bin
openf___224_> Open           ${MODINSTALL10v8}/modlib/chi2.mdt
getdata_643_> Protein accepted:  1jwp_step3
getdata_289_> Proteins (all/accepted):        1        1

Dynamically allocated memory at  amaxrestraints [B,KiB,MiB]:      2821264    2755.141     2.691
make_re_422_> Number of previous, current restraints         :     9493     9657
make_re_423_> Number of previous, current selected restraints:     9219     9383
make_re_417_> Restraint type to be calculated:  chi3_dihedral

Dynamically allocated memory at   amaxstructure [B,KiB,MiB]:      2821264    2755.141     2.691
openf___224_> Open           ${MODINSTALL10v8}/modlib/chi1234.bin
openf___224_> Open           ${MODINSTALL10v8}/modlib/chi3.mdt
getdata_643_> Protein accepted:  1jwp_step3
getdata_289_> Proteins (all/accepted):        1        1

Dynamically allocated memory at  amaxrestraints [B,KiB,MiB]:      2952336    2883.141     2.816
make_re_422_> Number of previous, current restraints         :     9657     9734
make_re_423_> Number of previous, current selected restraints:     9383     9460
make_re_417_> Restraint type to be calculated:  chi4_dihedral

Dynamically allocated memory at   amaxstructure [B,KiB,MiB]:      2952336    2883.141     2.816
openf___224_> Open           ${MODINSTALL10v8}/modlib/chi1234.bin
openf___224_> Open           ${MODINSTALL10v8}/modlib/chi4.mdt
mdtrsr__446W> A potential that relies on one protein is used, yet you have at
              least one known structure available. MDT, not library, potential is used.
getdata_643_> Protein accepted:  1jwp_step3
getdata_289_> Proteins (all/accepted):        1        1
make_re_422_> Number of previous, current restraints         :     9734     9763
make_re_423_> Number of previous, current selected restraints:     9460     9489
pick_re_612_> Number of MODEL atoms, selected restraints;        6       42

Dynamically allocated memory at amaxhash_contac [B,KiB,MiB]:      3535500    3452.637     3.372

Dynamically allocated memory at  amaxrestraints [B,KiB,MiB]:      3876704    3785.844     3.697


>> ENERGY; Differences between the model's features and restraints:
Number of all residues in MODEL                   :      263
Number of all, selected real atoms                :     2025       6
Number of all, selected pseudo atoms              :        0       0
Number of all static, selected restraints         :     9763      42
COVALENT_CYS                                      :        F
NONBONDED_SEL_ATOMS                               :        1
Number of non-bonded pairs (excluding 1-2,1-3,1-4):       47
Dynamic pairs routine                             : 5, NATM_SEL x NATM double loop
Atomic shift for contacts update (UPDATE_DYNAMIC) :    0.390
LENNARD_JONES_SWITCH                              :    6.500   7.500
COULOMB_JONES_SWITCH                              :    6.500   7.500
RESIDUE_SPAN_RANGE                                :        0   99999
NLOGN_USE                                         :       15
CONTACT_SHELL                                     :    4.000
DYNAMIC_PAIRS,_SPHERE,_COULOMB,_LENNARD,_MODELLER :        T       F       F       T       F
SPHERE_STDV                                       :    0.050
RADII_FACTOR                                      :    0.820
Current energy                                    :          22.8147





Summary of the restraint violations: 

   NUM     ... number of restraints.
   NUMVI   ... number of restraints with RVIOL > VIOL_REPORT_CUT[i].
   RVIOL   ... relative difference from the best value.
   NUMVP   ... number of restraints with -Ln(pdf) > VIOL_REPORT_CUT2[i].
   RMS_1   ... RMS(feature, minimally_violated_basis_restraint, NUMB).
   RMS_2   ... RMS(feature, best_value, NUMB).
   MOL.PDF ... scaled contribution to -Ln(Molecular pdf).

 #                     RESTRAINT_GROUP      NUM   NUMVI  NUMVP   RMS_1   RMS_2         MOL.PDF     S_i
------------------------------------------------------------------------------------------------------
 1 Bond length potential              :       7       0      0   0.015   0.015     0.46861       1.000
 2 Bond angle potential               :      11       0      0   1.893   1.893     0.81552       1.000
 3 Stereochemical cosine torsion poten:      15       0      0  58.529  58.529      3.4220       1.000
 4 Stereochemical improper torsion pot:       3       0      0   1.448   1.448     0.11507       1.000
 5 Soft-sphere overlap restraints     :       0       0      0   0.000   0.000      0.0000       1.000
 6 Lennard-Jones 6-12 potential       :      47       0      1   0.521   0.521      21.211       1.000
 7 Coulomb point-point electrostatic p:       0       0      0   0.000   0.000      0.0000       1.000
 8 H-bonding potential                :       0       0      0   0.000   0.000      0.0000       1.000
 9 Distance restraints 1 (CA-CA)      :       0       0      0   0.000   0.000      0.0000       1.000
10 Distance restraints 2 (N-O)        :       0       0      0   0.000   0.000      0.0000       1.000
11 Mainchain Phi dihedral restraints  :       0       0      0   0.000   0.000      0.0000       1.000
12 Mainchain Psi dihedral restraints  :       0       0      0   0.000   0.000      0.0000       1.000
13 Mainchain Omega dihedral restraints:       2       0      0   0.664   0.664     0.10392E-01   1.000
14 Sidechain Chi_1 dihedral restraints:       1       0      0 116.229 116.229     0.33453       1.000
15 Sidechain Chi_2 dihedral restraints:       0       0      0   0.000   0.000      0.0000       1.000
16 Sidechain Chi_3 dihedral restraints:       0       0      0   0.000   0.000      0.0000       1.000
17 Sidechain Chi_4 dihedral restraints:       0       0      0   0.000   0.000      0.0000       1.000
18 Disulfide distance restraints      :       0       0      0   0.000   0.000      0.0000       1.000
19 Disulfide angle restraints         :       0       0      0   0.000   0.000      0.0000       1.000
20 Disulfide dihedral angle restraints:       0       0      0   0.000   0.000      0.0000       1.000
21 Lower bound distance restraints    :       0       0      0   0.000   0.000      0.0000       1.000
22 Upper bound distance restraints    :       0       0      0   0.000   0.000      0.0000       1.000
23 Distance restraints 3 (SDCH-MNCH)  :       0       0      0   0.000   0.000      0.0000       1.000
24 Sidechain Chi_5 dihedral restraints:       0       0      0   0.000   0.000      0.0000       1.000
25 Phi/Psi pair of dihedral restraints:       3       0      0   7.429   7.429     -3.5627       1.000
26 Distance restraints 4 (SDCH-SDCH)  :       0       0      0   0.000   0.000      0.0000       1.000
27 Distance restraints 5 (X-Y)        :       0       0      0   0.000   0.000      0.0000       1.000
28 NMR distance restraints 6 (X-Y)    :       0       0      0   0.000   0.000      0.0000       1.000
29 NMR distance restraints 7 (X-Y)    :       0       0      0   0.000   0.000      0.0000       1.000
30 Minimal distance restraints        :       0       0      0   0.000   0.000      0.0000       1.000
31 Non-bonded restraints              :       0       0      0   0.000   0.000      0.0000       1.000
32 Atomic accessibility restraints    :       0       0      0   0.000   0.000      0.0000       1.000
33 Atomic density restraints          :       0       0      0   0.000   0.000      0.0000       1.000
34 Absolute position restraints       :       0       0      0   0.000   0.000      0.0000       1.000
35 Dihedral angle difference restraint:       0       0      0   0.000   0.000      0.0000       1.000
36 GBSA implicit solvent potential    :       0       0      0   0.000   0.000      0.0000       1.000
37 EM density fitting potential       :       0       0      0   0.000   0.000      0.0000       1.000
38 SAXS restraints                    :       0       0      0   0.000   0.000      0.0000       1.000
39 Symmetry restraints                :       0       0      0   0.000   0.000      0.0000       1.000



List of the violated restraints:
   A restraint is violated when the relative difference
   from the best value (RVIOL) is larger than CUTOFF.

   ICSR   ... index of a restraint in the current set.
   RESNO  ... residue numbers of the first two atoms.
   ATM    ... IUPAC atom names of the first two atoms.
   FEAT   ... the value of the feature in the model.
   restr  ... the mean of the basis restraint with the smallest
              difference from the model (local minimum).
   viol   ... difference from the local minimum.
   rviol  ... relative difference from the local minimum.
   RESTR  ... the best value (global minimum).
   VIOL   ... difference from the best value.
   RVIOL  ... relative difference from the best value.



report______> Distribution of short non-bonded contacts:

  serious non-bonded atom clash:   414  775   2.041

DISTANCE1:  0.00 2.10 2.20 2.30 2.40 2.50 2.60 2.70 2.80 2.90 3.00 3.10 3.20 3.30 3.40
DISTANCE2:  2.10 2.20 2.30 2.40 2.50 2.60 2.70 2.80 2.90 3.00 3.10 3.20 3.30 3.40 3.50
FREQUENCY:     1    0    0    0    1    6   13   35   92  166  172  224  287  329  350


<< end of ENERGY.
randomi_498_> Atoms,selected atoms,random_seed,amplitude:     2025        6        1        4.0000
randomi_496_> Amplitude is > 0; randomization is done.


>> ENERGY; Differences between the model's features and restraints:
Number of all residues in MODEL                   :      263
Number of all, selected real atoms                :     2025       6
Number of all, selected pseudo atoms              :        0       0
Number of all static, selected restraints         :     9763      42
COVALENT_CYS                                      :        F
NONBONDED_SEL_ATOMS                               :        1
Number of non-bonded pairs (excluding 1-2,1-3,1-4):       51
Dynamic pairs routine                             : 5, NATM_SEL x NATM double loop
Atomic shift for contacts update (UPDATE_DYNAMIC) :    0.390
LENNARD_JONES_SWITCH                              :    6.500   7.500
COULOMB_JONES_SWITCH                              :    6.500   7.500
RESIDUE_SPAN_RANGE                                :        0   99999
NLOGN_USE                                         :       15
CONTACT_SHELL                                     :    4.000
DYNAMIC_PAIRS,_SPHERE,_COULOMB,_LENNARD,_MODELLER :        T       F       F       T       F
SPHERE_STDV                                       :    0.050
RADII_FACTOR                                      :    0.820
Current energy                                    :          20.3765





Summary of the restraint violations: 

   NUM     ... number of restraints.
   NUMVI   ... number of restraints with RVIOL > VIOL_REPORT_CUT[i].
   RVIOL   ... relative difference from the best value.
   NUMVP   ... number of restraints with -Ln(pdf) > VIOL_REPORT_CUT2[i].
   RMS_1   ... RMS(feature, minimally_violated_basis_restraint, NUMB).
   RMS_2   ... RMS(feature, best_value, NUMB).
   MOL.PDF ... scaled contribution to -Ln(Molecular pdf).

 #                     RESTRAINT_GROUP      NUM   NUMVI  NUMVP   RMS_1   RMS_2         MOL.PDF     S_i
------------------------------------------------------------------------------------------------------
 1 Bond length potential              :       7       0      0   0.013   0.013     0.43496       1.000
 2 Bond angle potential               :      11       0      1   5.132   5.132      4.9647       1.000
 3 Stereochemical cosine torsion poten:      15       0      0  58.947  58.947      3.7550       1.000
 4 Stereochemical improper torsion pot:       3       0      0   2.251   2.251     0.27849       1.000
 5 Soft-sphere overlap restraints     :       0       0      0   0.000   0.000      0.0000       1.000
 6 Lennard-Jones 6-12 potential       :      51       0      1   0.521   0.521      12.328       1.000
 7 Coulomb point-point electrostatic p:       0       0      0   0.000   0.000      0.0000       1.000
 8 H-bonding potential                :       0       0      0   0.000   0.000      0.0000       1.000
 9 Distance restraints 1 (CA-CA)      :       0       0      0   0.000   0.000      0.0000       1.000
10 Distance restraints 2 (N-O)        :       0       0      0   0.000   0.000      0.0000       1.000
11 Mainchain Phi dihedral restraints  :       0       0      0   0.000   0.000      0.0000       1.000
12 Mainchain Psi dihedral restraints  :       0       0      0   0.000   0.000      0.0000       1.000
13 Mainchain Omega dihedral restraints:       2       0      0   1.376   1.376     0.44685E-01   1.000
14 Sidechain Chi_1 dihedral restraints:       1       0      1  30.311  30.311      2.0459       1.000
15 Sidechain Chi_2 dihedral restraints:       0       0      0   0.000   0.000      0.0000       1.000
16 Sidechain Chi_3 dihedral restraints:       0       0      0   0.000   0.000      0.0000       1.000
17 Sidechain Chi_4 dihedral restraints:       0       0      0   0.000   0.000      0.0000       1.000
18 Disulfide distance restraints      :       0       0      0   0.000   0.000      0.0000       1.000
19 Disulfide angle restraints         :       0       0      0   0.000   0.000      0.0000       1.000
20 Disulfide dihedral angle restraints:       0       0      0   0.000   0.000      0.0000       1.000
21 Lower bound distance restraints    :       0       0      0   0.000   0.000      0.0000       1.000
22 Upper bound distance restraints    :       0       0      0   0.000   0.000      0.0000       1.000
23 Distance restraints 3 (SDCH-MNCH)  :       0       0      0   0.000   0.000      0.0000       1.000
24 Sidechain Chi_5 dihedral restraints:       0       0      0   0.000   0.000      0.0000       1.000
25 Phi/Psi pair of dihedral restraints:       3       0      0   9.118   9.118     -3.4752       1.000
26 Distance restraints 4 (SDCH-SDCH)  :       0       0      0   0.000   0.000      0.0000       1.000
27 Distance restraints 5 (X-Y)        :       0       0      0   0.000   0.000      0.0000       1.000
28 NMR distance restraints 6 (X-Y)    :       0       0      0   0.000   0.000      0.0000       1.000
29 NMR distance restraints 7 (X-Y)    :       0       0      0   0.000   0.000      0.0000       1.000
30 Minimal distance restraints        :       0       0      0   0.000   0.000      0.0000       1.000
31 Non-bonded restraints              :       0       0      0   0.000   0.000      0.0000       1.000
32 Atomic accessibility restraints    :       0       0      0   0.000   0.000      0.0000       1.000
33 Atomic density restraints          :       0       0      0   0.000   0.000      0.0000       1.000
34 Absolute position restraints       :       0       0      0   0.000   0.000      0.0000       1.000
35 Dihedral angle difference restraint:       0       0      0   0.000   0.000      0.0000       1.000
36 GBSA implicit solvent potential    :       0       0      0   0.000   0.000      0.0000       1.000
37 EM density fitting potential       :       0       0      0   0.000   0.000      0.0000       1.000
38 SAXS restraints                    :       0       0      0   0.000   0.000      0.0000       1.000
39 Symmetry restraints                :       0       0      0   0.000   0.000      0.0000       1.000



List of the violated restraints:
   A restraint is violated when the relative difference
   from the best value (RVIOL) is larger than CUTOFF.

   ICSR   ... index of a restraint in the current set.
   RESNO  ... residue numbers of the first two atoms.
   ATM    ... IUPAC atom names of the first two atoms.
   FEAT   ... the value of the feature in the model.
   restr  ... the mean of the basis restraint with the smallest
              difference from the model (local minimum).
   viol   ... difference from the local minimum.
   rviol  ... relative difference from the local minimum.
   RESTR  ... the best value (global minimum).
   VIOL   ... difference from the best value.
   RVIOL  ... relative difference from the best value.



report______> Distribution of short non-bonded contacts:

  serious non-bonded atom clash:   414  775   2.041

DISTANCE1:  0.00 2.10 2.20 2.30 2.40 2.50 2.60 2.70 2.80 2.90 3.00 3.10 3.20 3.30 3.40
DISTANCE2:  2.10 2.20 2.30 2.40 2.50 2.60 2.70 2.80 2.90 3.00 3.10 3.20 3.30 3.40 3.50
FREQUENCY:     1    0    0    0    1    6   12   36   93  167  174  225  286  327  349


<< end of ENERGY.
openf___224_> Open           1jwp_step3SER283.pdb
wrpdb___568_> Residues, atoms, selected atoms:      263     2025     2025
