
                         MODELLER 10.8, 2025/11/04, r13157

     PROTEIN STRUCTURE MODELLING BY SATISFACTION OF SPATIAL RESTRAINTS


                     Copyright(c) 1989-2025 Andrej Sali
                            All Rights Reserved

                             Written by A. Sali
                               with help from
              B. Webb, M.S. Madhusudhan, M-Y. Shen, G.Q. Dong,
          M.A. Marti-Renom, N. Eswar, F. Alber, M. Topf, B. Oliva,
             A. Fiser, R. Sanchez, B. Yerkovich, A. Badretdinov,
                     F. Melo, J.P. Overington, E. Feyfant
                 University of California, San Francisco, USA
                    Rockefeller University, New York, USA
                      Harvard University, Cambridge, USA
                   Imperial Cancer Research Fund, London, UK
              Birkbeck College, University of London, London, UK


Kind, OS, HostName, Kernel, Processor: 4, Linux reshob 6.8.0-138-generic x86_64
Date and time of compilation         : 2025/11/04 18:22:03
MODELLER executable type             : x86_64-intel8
Job starting time (YY/MM/DD HH:MM:SS): 2026/10/08 20:09:45

openf___224_> Open           $(LIB)/restyp.lib
openf___224_> Open           ${MODINSTALL10v8}/modlib/restyp_cif.lib
openf___224_> Open           ${MODINSTALL10v8}/modlib/resgrp.lib
rdresgr_266_> Number of residue groups:        2
openf___224_> Open           ${MODINSTALL10v8}/modlib/sstruc.lib

Dynamically allocated memory at   amaxlibraries [B,KiB,MiB]:       194446     189.889     0.185

Dynamically allocated memory at   amaxlibraries [B,KiB,MiB]:       194974     190.404     0.186
openf___224_> Open           ${MODINSTALL10v8}/modlib/resdih.lib

Dynamically allocated memory at   amaxlibraries [B,KiB,MiB]:       243574     237.865     0.232
rdrdih__263_> Number of dihedral angle types         :        9
              Maximal number of dihedral angle optima:        3
              Dihedral angle names                   :  Alph Phi Psi Omeg chi1 chi2 chi3 chi4 chi5
openf___224_> Open           ${MODINSTALL10v8}/modlib/radii.lib

Dynamically allocated memory at   amaxlibraries [B,KiB,MiB]:       256874     250.854     0.245
openf___224_> Open           ${MODINSTALL10v8}/modlib/af_mnchdef.lib
rdwilmo_274_> Mainchain residue conformation classes:  APBLE
openf___224_> Open           ${MODINSTALL10v8}/modlib/mnch.lib
rdclass_257_> Number of classes:        5
openf___224_> Open           ${MODINSTALL10v8}/modlib/mnch1.lib
openf___224_> Open           ${MODINSTALL10v8}/modlib/mnch2.lib
openf___224_> Open           ${MODINSTALL10v8}/modlib/mnch3.lib
openf___224_> Open           ${MODINSTALL10v8}/modlib/xs4.mat
rdrrwgh_268_> Number of residue types:       21
openf___224_> Open           $(LIB)/top_heav.lib
read_to_681_> topology.submodel read from topology file:        3
openf___224_> Open           $(LIB)/par.lib

Dynamically allocated memory at  amaxparameters [B,KiB,MiB]:       396318     387.029     0.378

Dynamically allocated memory at  amaxparameters [B,KiB,MiB]:       397918     388.592     0.379

Dynamically allocated memory at  amaxparameters [B,KiB,MiB]:       401898     392.479     0.383

Dynamically allocated memory at  amaxparameters [B,KiB,MiB]:       403898     394.432     0.385

Dynamically allocated memory at  amaxparameters [B,KiB,MiB]:       406898     397.361     0.388

Dynamically allocated memory at  amaxparameters [B,KiB,MiB]:       411398     401.756     0.392

Dynamically allocated memory at  amaxparameters [B,KiB,MiB]:       416970     407.197     0.398

Dynamically allocated memory at  amaxparameters [B,KiB,MiB]:       419770     409.932     0.400

Dynamically allocated memory at  amaxparameters [B,KiB,MiB]:       423970     414.033     0.404

Dynamically allocated memory at  amaxparameters [B,KiB,MiB]:       430270     420.186     0.410

Dynamically allocated memory at  amaxparameters [B,KiB,MiB]:       433042     422.893     0.413

Dynamically allocated memory at  amaxparameters [B,KiB,MiB]:       434442     424.260     0.414
read_pa_232_> parameters    BONDS   ANGLS  DIHEDS IMPROPS    MODE
                              227     561     661     112       0
openf___224_> Open           1jwp_step2.pdb

Dynamically allocated memory at amaxcoordinates [B,KiB,MiB]:       445487     435.046     0.425

Dynamically allocated memory at    amaxsequence [B,KiB,MiB]:       445563     435.120     0.425

Dynamically allocated memory at amaxcoordinates [B,KiB,MiB]:       445734     435.287     0.425

Dynamically allocated memory at amaxcoordinates [B,KiB,MiB]:       446584     436.117     0.426

Dynamically allocated memory at amaxcoordinates [B,KiB,MiB]:       447842     437.346     0.427

Dynamically allocated memory at amaxcoordinates [B,KiB,MiB]:       449746     439.205     0.429

Dynamically allocated memory at    amaxsequence [B,KiB,MiB]:       449786     439.244     0.429

Dynamically allocated memory at amaxcoordinates [B,KiB,MiB]:       449876     439.332     0.429

Dynamically allocated memory at amaxcoordinates [B,KiB,MiB]:       452732     442.121     0.432

Dynamically allocated memory at    amaxsequence [B,KiB,MiB]:       452792     442.180     0.432

Dynamically allocated memory at amaxcoordinates [B,KiB,MiB]:       452927     442.312     0.432

Dynamically allocated memory at amaxcoordinates [B,KiB,MiB]:       457211     446.495     0.436

Dynamically allocated memory at    amaxsequence [B,KiB,MiB]:       457299     446.581     0.436

Dynamically allocated memory at amaxcoordinates [B,KiB,MiB]:       457497     446.774     0.436

Dynamically allocated memory at amaxcoordinates [B,KiB,MiB]:       463923     453.050     0.442

Dynamically allocated memory at    amaxsequence [B,KiB,MiB]:       464055     453.179     0.443

Dynamically allocated memory at amaxcoordinates [B,KiB,MiB]:       464352     453.469     0.443

Dynamically allocated memory at amaxcoordinates [B,KiB,MiB]:       473974     462.865     0.452

Dynamically allocated memory at    amaxsequence [B,KiB,MiB]:       474174     463.061     0.452

Dynamically allocated memory at amaxcoordinates [B,KiB,MiB]:       474624     463.500     0.453

Dynamically allocated memory at amaxcoordinates [B,KiB,MiB]:       489074     477.611     0.466

Dynamically allocated memory at    amaxsequence [B,KiB,MiB]:       489374     477.904     0.467

Dynamically allocated memory at amaxcoordinates [B,KiB,MiB]:       490049     478.563     0.467

Dynamically allocated memory at amaxcoordinates [B,KiB,MiB]:       511707     499.714     0.488

Dynamically allocated memory at    amaxsequence [B,KiB,MiB]:       512155     500.151     0.488

Dynamically allocated memory at amaxcoordinates [B,KiB,MiB]:       513163     501.136     0.489

Dynamically allocated memory at amaxcoordinates [B,KiB,MiB]:       545667     532.878     0.520

Dynamically allocated memory at       amaxmodel [B,KiB,MiB]:       777539     759.315     0.742
read_mo_297_> Segments, residues, atoms:        1      263     2023
read_mo_298_> Segment:        1  26:A  290:A     2023

Dynamically allocated memory at   amaxalignment [B,KiB,MiB]:       786126     767.701     0.750

Dynamically allocated memory at   amaxstructure [B,KiB,MiB]:       937239     915.272     0.894
mutate_mode_> Model residue 261 changed from VAL to THR

Dynamically allocated memory at   amaxalignment [B,KiB,MiB]:       940182     918.146     0.897

Dynamically allocated memory at   amaxstructure [B,KiB,MiB]:      1091295    1065.718     1.041

Dynamically allocated memory at       amaxmodel [B,KiB,MiB]:      1120655    1094.390     1.069

mkilst______> segment topology constructed from sequence and RTF:
              segments residues  atoms  bonds angles dihedrals impropers:
                     1      263   2022   2056      0         0       807

Dynamically allocated memory at       amaxmodel [B,KiB,MiB]:      1206219    1177.948     1.150

patch_______> segment topology patched using RTF:  1 ;  HIS  ;  NTER
              segments residues  atoms  bonds angles dihedrals impropers:
                     1      263   2022   2056   2786      3260       807


Dynamically allocated memory at       amaxmodel [B,KiB,MiB]:      1298315    1267.886     1.238
patch_______> segment topology patched using RTF:  263 ;  TRP  ;  CTER
              segments residues  atoms  bonds angles dihedrals impropers:
                     1      263   2023   2057   2788      3262       808

genseg______> segment topology constructed from sequence and RTF:
              segments residues  atoms  bonds angles dihedrals impropers:
                     1      263   2023   2057   2788      3262       808
transfe_506_> MODEL is an average of all templates.
transfe_511_> Number of templates for coordinate transfer:        1
              After transferring coordinates of the equivalent template atoms,
              there are defined, undefined atoms in MODEL:     2022        1
openf___224_> Open           1jwp_step2.pdb

Dynamically allocated memory at amaxcoordinates [B,KiB,MiB]:      1309360    1278.672     1.249

Dynamically allocated memory at    amaxsequence [B,KiB,MiB]:      1309436    1278.746     1.249

Dynamically allocated memory at amaxcoordinates [B,KiB,MiB]:      1309607    1278.913     1.249

Dynamically allocated memory at amaxcoordinates [B,KiB,MiB]:      1310457    1279.743     1.250

Dynamically allocated memory at amaxcoordinates [B,KiB,MiB]:      1311715    1280.972     1.251

Dynamically allocated memory at amaxcoordinates [B,KiB,MiB]:      1313619    1282.831     1.253

Dynamically allocated memory at    amaxsequence [B,KiB,MiB]:      1313659    1282.870     1.253

Dynamically allocated memory at amaxcoordinates [B,KiB,MiB]:      1313749    1282.958     1.253

Dynamically allocated memory at amaxcoordinates [B,KiB,MiB]:      1316605    1285.747     1.256

Dynamically allocated memory at    amaxsequence [B,KiB,MiB]:      1316665    1285.806     1.256

Dynamically allocated memory at amaxcoordinates [B,KiB,MiB]:      1316800    1285.938     1.256

Dynamically allocated memory at amaxcoordinates [B,KiB,MiB]:      1321084    1290.121     1.260

Dynamically allocated memory at    amaxsequence [B,KiB,MiB]:      1321172    1290.207     1.260

Dynamically allocated memory at amaxcoordinates [B,KiB,MiB]:      1321370    1290.400     1.260

Dynamically allocated memory at amaxcoordinates [B,KiB,MiB]:      1327796    1296.676     1.266

Dynamically allocated memory at    amaxsequence [B,KiB,MiB]:      1327928    1296.805     1.266

Dynamically allocated memory at amaxcoordinates [B,KiB,MiB]:      1328225    1297.095     1.267

Dynamically allocated memory at amaxcoordinates [B,KiB,MiB]:      1337847    1306.491     1.276

Dynamically allocated memory at    amaxsequence [B,KiB,MiB]:      1338047    1306.687     1.276

Dynamically allocated memory at amaxcoordinates [B,KiB,MiB]:      1338497    1307.126     1.276

Dynamically allocated memory at amaxcoordinates [B,KiB,MiB]:      1352947    1321.237     1.290

Dynamically allocated memory at    amaxsequence [B,KiB,MiB]:      1353247    1321.530     1.291

Dynamically allocated memory at amaxcoordinates [B,KiB,MiB]:      1353922    1322.189     1.291

Dynamically allocated memory at amaxcoordinates [B,KiB,MiB]:      1375580    1343.340     1.312

Dynamically allocated memory at    amaxsequence [B,KiB,MiB]:      1376028    1343.777     1.312

Dynamically allocated memory at amaxcoordinates [B,KiB,MiB]:      1377036    1344.762     1.313

Dynamically allocated memory at amaxcoordinates [B,KiB,MiB]:      1409540    1376.504     1.344

Dynamically allocated memory at       amaxmodel [B,KiB,MiB]:      1641412    1602.941     1.565
read_mo_297_> Segments, residues, atoms:        1      263     2023
read_mo_298_> Segment:        1  26:A  290:A     2023
  #      ALGNMT CODE

  1  1jwp_step2
  2  1jwp_step2
openf___224_> Open           1jwp_step2THR261.tmp
wrpdb___568_> Residues, atoms, selected atoms:      263     2023     2023
openf___224_> Open           1jwp_step2THR261.tmp

Dynamically allocated memory at       amaxmodel [B,KiB,MiB]:      1641412    1602.941     1.565
read_mo_297_> Segments, residues, atoms:        1      263     2023
read_mo_298_> Segment:        1  26:A  290:A     2023
make_re_417_> Restraint type to be calculated:  stereo

Dynamically allocated memory at  amaxrestraints [B,KiB,MiB]:      1747880    1706.914     1.667

Dynamically allocated memory at  amaxrestraints [B,KiB,MiB]:      1756072    1714.914     1.675

Dynamically allocated memory at  amaxrestraints [B,KiB,MiB]:      1772456    1730.914     1.690

Dynamically allocated memory at  amaxrestraints [B,KiB,MiB]:      1805224    1762.914     1.722

Dynamically allocated memory at  amaxrestraints [B,KiB,MiB]:      1837992    1794.914     1.753

Dynamically allocated memory at  amaxrestraints [B,KiB,MiB]:      1903528    1858.914     1.815

Dynamically allocated memory at  amaxrestraints [B,KiB,MiB]:      1936296    1890.914     1.847

Dynamically allocated memory at  amaxrestraints [B,KiB,MiB]:      1969064    1922.914     1.878

Dynamically allocated memory at  amaxrestraints [B,KiB,MiB]:      2034600    1986.914     1.940

Dynamically allocated memory at  amaxrestraints [B,KiB,MiB]:      2165672    2114.914     2.065

Dynamically allocated memory at  amaxrestraints [B,KiB,MiB]:      2231208    2178.914     2.128

Dynamically allocated memory at  amaxrestraints [B,KiB,MiB]:      2296744    2242.914     2.190

Dynamically allocated memory at  amaxrestraints [B,KiB,MiB]:      2427816    2370.914     2.315
r_stere_606_> Stereochemical restraints were constructed from RTF & PRMF.
              Added bond,angle,dihedral,improper restraints  :     2057    2788    3101     796
              Total number of restraints before, now         :        0     8742
make_re_422_> Number of previous, current restraints         :        0     8742
make_re_423_> Number of previous, current selected restraints:        0     8742
make_re_417_> Restraint type to be calculated:  phi-psi_binormal

Dynamically allocated memory at   amaxstructure [B,KiB,MiB]:      2427816    2370.914     2.315
openf___224_> Open           ${MODINSTALL10v8}/modlib/mnch1.bin
openf___224_> Open           ${MODINSTALL10v8}/modlib/mnch1.mdt
getdata_643_> Protein accepted:  1jwp_step2
getdata_289_> Proteins (all/accepted):        1        1
make_re_422_> Number of previous, current restraints         :     8742     9003
make_re_423_> Number of previous, current selected restraints:     8742     9003
make_re_417_> Restraint type to be calculated:  omega_dihedral

Dynamically allocated memory at   amaxstructure [B,KiB,MiB]:      2427832    2370.930     2.315
openf___224_> Open           ${MODINSTALL10v8}/modlib/omega.bin
openf___224_> Open           ${MODINSTALL10v8}/modlib/omega.mdt
getdata_643_> Protein accepted:  1jwp_step2
getdata_289_> Proteins (all/accepted):        1        1
omgdel__425_> Unselected all O C +N +CA dihedrals:      274
              (This is to avoid clashes between STEREO
              and OMEGA_DIHEDRAL restraints)

Dynamically allocated memory at  amaxrestraints [B,KiB,MiB]:      2689976    2626.930     2.565
make_re_422_> Number of previous, current restraints         :     9003     9265
make_re_423_> Number of previous, current selected restraints:     9003     8991
make_re_417_> Restraint type to be calculated:  chi1_dihedral

Dynamically allocated memory at   amaxstructure [B,KiB,MiB]:      2689976    2626.930     2.565
openf___224_> Open           ${MODINSTALL10v8}/modlib/chi1234.bin
openf___224_> Open           ${MODINSTALL10v8}/modlib/chi1.mdt
getdata_643_> Protein accepted:  1jwp_step2
getdata_289_> Proteins (all/accepted):        1        1
make_re_422_> Number of previous, current restraints         :     9265     9482
make_re_423_> Number of previous, current selected restraints:     8991     9208
make_re_417_> Restraint type to be calculated:  chi2_dihedral

Dynamically allocated memory at   amaxstructure [B,KiB,MiB]:      2689976    2626.930     2.565
openf___224_> Open           ${MODINSTALL10v8}/modlib/chi1234.bin
openf___224_> Open           ${MODINSTALL10v8}/modlib/chi2.mdt
getdata_643_> Protein accepted:  1jwp_step2
getdata_289_> Proteins (all/accepted):        1        1

Dynamically allocated memory at  amaxrestraints [B,KiB,MiB]:      2821048    2754.930     2.690
make_re_422_> Number of previous, current restraints         :     9482     9646
make_re_423_> Number of previous, current selected restraints:     9208     9372
make_re_417_> Restraint type to be calculated:  chi3_dihedral

Dynamically allocated memory at   amaxstructure [B,KiB,MiB]:      2821048    2754.930     2.690
openf___224_> Open           ${MODINSTALL10v8}/modlib/chi1234.bin
openf___224_> Open           ${MODINSTALL10v8}/modlib/chi3.mdt
getdata_643_> Protein accepted:  1jwp_step2
getdata_289_> Proteins (all/accepted):        1        1

Dynamically allocated memory at  amaxrestraints [B,KiB,MiB]:      2952120    2882.930     2.815
make_re_422_> Number of previous, current restraints         :     9646     9723
make_re_423_> Number of previous, current selected restraints:     9372     9449
make_re_417_> Restraint type to be calculated:  chi4_dihedral

Dynamically allocated memory at   amaxstructure [B,KiB,MiB]:      2952120    2882.930     2.815
openf___224_> Open           ${MODINSTALL10v8}/modlib/chi1234.bin
openf___224_> Open           ${MODINSTALL10v8}/modlib/chi4.mdt
mdtrsr__446W> A potential that relies on one protein is used, yet you have at
              least one known structure available. MDT, not library, potential is used.
getdata_643_> Protein accepted:  1jwp_step2
getdata_289_> Proteins (all/accepted):        1        1
make_re_422_> Number of previous, current restraints         :     9723     9752
make_re_423_> Number of previous, current selected restraints:     9449     9478
pick_re_612_> Number of MODEL atoms, selected restraints;        7       48

Dynamically allocated memory at amaxhash_contac [B,KiB,MiB]:      3534708    3451.863     3.371

Dynamically allocated memory at  amaxrestraints [B,KiB,MiB]:      3875864    3785.023     3.696


>> ENERGY; Differences between the model's features and restraints:
Number of all residues in MODEL                   :      263
Number of all, selected real atoms                :     2023       7
Number of all, selected pseudo atoms              :        0       0
Number of all static, selected restraints         :     9752      48
COVALENT_CYS                                      :        F
NONBONDED_SEL_ATOMS                               :        1
Number of non-bonded pairs (excluding 1-2,1-3,1-4):       28
Dynamic pairs routine                             : 5, NATM_SEL x NATM double loop
Atomic shift for contacts update (UPDATE_DYNAMIC) :    0.390
LENNARD_JONES_SWITCH                              :    6.500   7.500
COULOMB_JONES_SWITCH                              :    6.500   7.500
RESIDUE_SPAN_RANGE                                :        0   99999
NLOGN_USE                                         :       15
CONTACT_SHELL                                     :    4.000
DYNAMIC_PAIRS,_SPHERE,_COULOMB,_LENNARD,_MODELLER :        T       F       F       T       F
SPHERE_STDV                                       :    0.050
RADII_FACTOR                                      :    0.820
Current energy                                    :          95.7179





Summary of the restraint violations: 

   NUM     ... number of restraints.
   NUMVI   ... number of restraints with RVIOL > VIOL_REPORT_CUT[i].
   RVIOL   ... relative difference from the best value.
   NUMVP   ... number of restraints with -Ln(pdf) > VIOL_REPORT_CUT2[i].
   RMS_1   ... RMS(feature, minimally_violated_basis_restraint, NUMB).
   RMS_2   ... RMS(feature, best_value, NUMB).
   MOL.PDF ... scaled contribution to -Ln(Molecular pdf).

 #                     RESTRAINT_GROUP      NUM   NUMVI  NUMVP   RMS_1   RMS_2         MOL.PDF     S_i
------------------------------------------------------------------------------------------------------
 1 Bond length potential              :       8       0      0   0.023   0.023      1.1842       1.000
 2 Bond angle potential               :      13       0      1   3.127   3.127      2.8758       1.000
 3 Stereochemical cosine torsion poten:      17       0      0  58.122  58.122      5.1356       1.000
 4 Stereochemical improper torsion pot:       4       1      1  35.395  35.395      84.003       1.000
 5 Soft-sphere overlap restraints     :       0       0      0   0.000   0.000      0.0000       1.000
 6 Lennard-Jones 6-12 potential       :      28       0      0   0.394   0.394      1.5837       1.000
 7 Coulomb point-point electrostatic p:       0       0      0   0.000   0.000      0.0000       1.000
 8 H-bonding potential                :       0       0      0   0.000   0.000      0.0000       1.000
 9 Distance restraints 1 (CA-CA)      :       0       0      0   0.000   0.000      0.0000       1.000
10 Distance restraints 2 (N-O)        :       0       0      0   0.000   0.000      0.0000       1.000
11 Mainchain Phi dihedral restraints  :       0       0      0   0.000   0.000      0.0000       1.000
12 Mainchain Psi dihedral restraints  :       0       0      0   0.000   0.000      0.0000       1.000
13 Mainchain Omega dihedral restraints:       2       0      0   2.361   2.361     0.13163       1.000
14 Sidechain Chi_1 dihedral restraints:       1       0      0 121.140 121.140      1.0091       1.000
15 Sidechain Chi_2 dihedral restraints:       0       0      0   0.000   0.000      0.0000       1.000
16 Sidechain Chi_3 dihedral restraints:       0       0      0   0.000   0.000      0.0000       1.000
17 Sidechain Chi_4 dihedral restraints:       0       0      0   0.000   0.000      0.0000       1.000
18 Disulfide distance restraints      :       0       0      0   0.000   0.000      0.0000       1.000
19 Disulfide angle restraints         :       0       0      0   0.000   0.000      0.0000       1.000
20 Disulfide dihedral angle restraints:       0       0      0   0.000   0.000      0.0000       1.000
21 Lower bound distance restraints    :       0       0      0   0.000   0.000      0.0000       1.000
22 Upper bound distance restraints    :       0       0      0   0.000   0.000      0.0000       1.000
23 Distance restraints 3 (SDCH-MNCH)  :       0       0      0   0.000   0.000      0.0000       1.000
24 Sidechain Chi_5 dihedral restraints:       0       0      0   0.000   0.000      0.0000       1.000
25 Phi/Psi pair of dihedral restraints:       3       0      0  10.947  10.947    -0.20509       1.000
26 Distance restraints 4 (SDCH-SDCH)  :       0       0      0   0.000   0.000      0.0000       1.000
27 Distance restraints 5 (X-Y)        :       0       0      0   0.000   0.000      0.0000       1.000
28 NMR distance restraints 6 (X-Y)    :       0       0      0   0.000   0.000      0.0000       1.000
29 NMR distance restraints 7 (X-Y)    :       0       0      0   0.000   0.000      0.0000       1.000
30 Minimal distance restraints        :       0       0      0   0.000   0.000      0.0000       1.000
31 Non-bonded restraints              :       0       0      0   0.000   0.000      0.0000       1.000
32 Atomic accessibility restraints    :       0       0      0   0.000   0.000      0.0000       1.000
33 Atomic density restraints          :       0       0      0   0.000   0.000      0.0000       1.000
34 Absolute position restraints       :       0       0      0   0.000   0.000      0.0000       1.000
35 Dihedral angle difference restraint:       0       0      0   0.000   0.000      0.0000       1.000
36 GBSA implicit solvent potential    :       0       0      0   0.000   0.000      0.0000       1.000
37 EM density fitting potential       :       0       0      0   0.000   0.000      0.0000       1.000
38 SAXS restraints                    :       0       0      0   0.000   0.000      0.0000       1.000
39 Symmetry restraints                :       0       0      0   0.000   0.000      0.0000       1.000



List of the violated restraints:
   A restraint is violated when the relative difference
   from the best value (RVIOL) is larger than CUTOFF.

   ICSR   ... index of a restraint in the current set.
   RESNO  ... residue numbers of the first two atoms.
   ATM    ... IUPAC atom names of the first two atoms.
   FEAT   ... the value of the feature in the model.
   restr  ... the mean of the basis restraint with the smallest
              difference from the model (local minimum).
   viol   ... difference from the local minimum.
   rviol  ... relative difference from the local minimum.
   RESTR  ... the best value (global minimum).
   VIOL   ... difference from the best value.
   RVIOL  ... relative difference from the best value.



report______> Distribution of short non-bonded contacts:

  serious non-bonded atom clash:   414  775   2.041

DISTANCE1:  0.00 2.10 2.20 2.30 2.40 2.50 2.60 2.70 2.80 2.90 3.00 3.10 3.20 3.30 3.40
DISTANCE2:  2.10 2.20 2.30 2.40 2.50 2.60 2.70 2.80 2.90 3.00 3.10 3.20 3.30 3.40 3.50
FREQUENCY:     1    0    0    0    1    6   12   35   92  164  172  225  284  329  347


<< end of ENERGY.
randomi_498_> Atoms,selected atoms,random_seed,amplitude:     2023        7        1        4.0000
randomi_496_> Amplitude is > 0; randomization is done.


>> ENERGY; Differences between the model's features and restraints:
Number of all residues in MODEL                   :      263
Number of all, selected real atoms                :     2023       7
Number of all, selected pseudo atoms              :        0       0
Number of all static, selected restraints         :     9752      48
COVALENT_CYS                                      :        F
NONBONDED_SEL_ATOMS                               :        1
Number of non-bonded pairs (excluding 1-2,1-3,1-4):       25
Dynamic pairs routine                             : 5, NATM_SEL x NATM double loop
Atomic shift for contacts update (UPDATE_DYNAMIC) :    0.390
LENNARD_JONES_SWITCH                              :    6.500   7.500
COULOMB_JONES_SWITCH                              :    6.500   7.500
RESIDUE_SPAN_RANGE                                :        0   99999
NLOGN_USE                                         :       15
CONTACT_SHELL                                     :    4.000
DYNAMIC_PAIRS,_SPHERE,_COULOMB,_LENNARD,_MODELLER :        T       F       F       T       F
SPHERE_STDV                                       :    0.050
RADII_FACTOR                                      :    0.820
Current energy                                    :           7.4273





Summary of the restraint violations: 

   NUM     ... number of restraints.
   NUMVI   ... number of restraints with RVIOL > VIOL_REPORT_CUT[i].
   RVIOL   ... relative difference from the best value.
   NUMVP   ... number of restraints with -Ln(pdf) > VIOL_REPORT_CUT2[i].
   RMS_1   ... RMS(feature, minimally_violated_basis_restraint, NUMB).
   RMS_2   ... RMS(feature, best_value, NUMB).
   MOL.PDF ... scaled contribution to -Ln(Molecular pdf).

 #                     RESTRAINT_GROUP      NUM   NUMVI  NUMVP   RMS_1   RMS_2         MOL.PDF     S_i
------------------------------------------------------------------------------------------------------
 1 Bond length potential              :       8       0      0   0.007   0.007     0.10029       1.000
 2 Bond angle potential               :      13       0      0   1.468   1.468     0.49247       1.000
 3 Stereochemical cosine torsion poten:      17       0      0  57.435  57.435      5.0364       1.000
 4 Stereochemical improper torsion pot:       4       0      0   1.439   1.439     0.21295       1.000
 5 Soft-sphere overlap restraints     :       0       0      0   0.000   0.000      0.0000       1.000
 6 Lennard-Jones 6-12 potential       :      25       0      0   0.397   0.397      1.2264       1.000
 7 Coulomb point-point electrostatic p:       0       0      0   0.000   0.000      0.0000       1.000
 8 H-bonding potential                :       0       0      0   0.000   0.000      0.0000       1.000
 9 Distance restraints 1 (CA-CA)      :       0       0      0   0.000   0.000      0.0000       1.000
10 Distance restraints 2 (N-O)        :       0       0      0   0.000   0.000      0.0000       1.000
11 Mainchain Phi dihedral restraints  :       0       0      0   0.000   0.000      0.0000       1.000
12 Mainchain Psi dihedral restraints  :       0       0      0   0.000   0.000      0.0000       1.000
13 Mainchain Omega dihedral restraints:       2       0      0   2.571   2.571     0.15608       1.000
14 Sidechain Chi_1 dihedral restraints:       1       0      0 116.621 116.621     0.55006       1.000
15 Sidechain Chi_2 dihedral restraints:       0       0      0   0.000   0.000      0.0000       1.000
16 Sidechain Chi_3 dihedral restraints:       0       0      0   0.000   0.000      0.0000       1.000
17 Sidechain Chi_4 dihedral restraints:       0       0      0   0.000   0.000      0.0000       1.000
18 Disulfide distance restraints      :       0       0      0   0.000   0.000      0.0000       1.000
19 Disulfide angle restraints         :       0       0      0   0.000   0.000      0.0000       1.000
20 Disulfide dihedral angle restraints:       0       0      0   0.000   0.000      0.0000       1.000
21 Lower bound distance restraints    :       0       0      0   0.000   0.000      0.0000       1.000
22 Upper bound distance restraints    :       0       0      0   0.000   0.000      0.0000       1.000
23 Distance restraints 3 (SDCH-MNCH)  :       0       0      0   0.000   0.000      0.0000       1.000
24 Sidechain Chi_5 dihedral restraints:       0       0      0   0.000   0.000      0.0000       1.000
25 Phi/Psi pair of dihedral restraints:       3       0      0  10.123  10.123    -0.34732       1.000
26 Distance restraints 4 (SDCH-SDCH)  :       0       0      0   0.000   0.000      0.0000       1.000
27 Distance restraints 5 (X-Y)        :       0       0      0   0.000   0.000      0.0000       1.000
28 NMR distance restraints 6 (X-Y)    :       0       0      0   0.000   0.000      0.0000       1.000
29 NMR distance restraints 7 (X-Y)    :       0       0      0   0.000   0.000      0.0000       1.000
30 Minimal distance restraints        :       0       0      0   0.000   0.000      0.0000       1.000
31 Non-bonded restraints              :       0       0      0   0.000   0.000      0.0000       1.000
32 Atomic accessibility restraints    :       0       0      0   0.000   0.000      0.0000       1.000
33 Atomic density restraints          :       0       0      0   0.000   0.000      0.0000       1.000
34 Absolute position restraints       :       0       0      0   0.000   0.000      0.0000       1.000
35 Dihedral angle difference restraint:       0       0      0   0.000   0.000      0.0000       1.000
36 GBSA implicit solvent potential    :       0       0      0   0.000   0.000      0.0000       1.000
37 EM density fitting potential       :       0       0      0   0.000   0.000      0.0000       1.000
38 SAXS restraints                    :       0       0      0   0.000   0.000      0.0000       1.000
39 Symmetry restraints                :       0       0      0   0.000   0.000      0.0000       1.000



List of the violated restraints:
   A restraint is violated when the relative difference
   from the best value (RVIOL) is larger than CUTOFF.

   ICSR   ... index of a restraint in the current set.
   RESNO  ... residue numbers of the first two atoms.
   ATM    ... IUPAC atom names of the first two atoms.
   FEAT   ... the value of the feature in the model.
   restr  ... the mean of the basis restraint with the smallest
              difference from the model (local minimum).
   viol   ... difference from the local minimum.
   rviol  ... relative difference from the local minimum.
   RESTR  ... the best value (global minimum).
   VIOL   ... difference from the best value.
   RVIOL  ... relative difference from the best value.



report______> Distribution of short non-bonded contacts:

  serious non-bonded atom clash:   414  775   2.041

DISTANCE1:  0.00 2.10 2.20 2.30 2.40 2.50 2.60 2.70 2.80 2.90 3.00 3.10 3.20 3.30 3.40
DISTANCE2:  2.10 2.20 2.30 2.40 2.50 2.60 2.70 2.80 2.90 3.00 3.10 3.20 3.30 3.40 3.50
FREQUENCY:     1    0    0    0    1    6   12   35   91  166  172  224  284  327  349


<< end of ENERGY.
openf___224_> Open           1jwp_step2THR261.pdb
wrpdb___568_> Residues, atoms, selected atoms:      263     2023     2023
