
                         MODELLER 10.8, 2025/11/04, r13157

     PROTEIN STRUCTURE MODELLING BY SATISFACTION OF SPATIAL RESTRAINTS


                     Copyright(c) 1989-2025 Andrej Sali
                            All Rights Reserved

                             Written by A. Sali
                               with help from
              B. Webb, M.S. Madhusudhan, M-Y. Shen, G.Q. Dong,
          M.A. Marti-Renom, N. Eswar, F. Alber, M. Topf, B. Oliva,
             A. Fiser, R. Sanchez, B. Yerkovich, A. Badretdinov,
                     F. Melo, J.P. Overington, E. Feyfant
                 University of California, San Francisco, USA
                    Rockefeller University, New York, USA
                      Harvard University, Cambridge, USA
                   Imperial Cancer Research Fund, London, UK
              Birkbeck College, University of London, London, UK


Kind, OS, HostName, Kernel, Processor: 4, Linux reshob 6.8.0-138-generic x86_64
Date and time of compilation         : 2025/11/04 18:22:03
MODELLER executable type             : x86_64-intel8
Job starting time (YY/MM/DD HH:MM:SS): 2026/10/08 20:09:44

openf___224_> Open           $(LIB)/restyp.lib
openf___224_> Open           ${MODINSTALL10v8}/modlib/restyp_cif.lib
openf___224_> Open           ${MODINSTALL10v8}/modlib/resgrp.lib
rdresgr_266_> Number of residue groups:        2
openf___224_> Open           ${MODINSTALL10v8}/modlib/sstruc.lib

Dynamically allocated memory at   amaxlibraries [B,KiB,MiB]:       194446     189.889     0.185

Dynamically allocated memory at   amaxlibraries [B,KiB,MiB]:       194974     190.404     0.186
openf___224_> Open           ${MODINSTALL10v8}/modlib/resdih.lib

Dynamically allocated memory at   amaxlibraries [B,KiB,MiB]:       243574     237.865     0.232
rdrdih__263_> Number of dihedral angle types         :        9
              Maximal number of dihedral angle optima:        3
              Dihedral angle names                   :  Alph Phi Psi Omeg chi1 chi2 chi3 chi4 chi5
openf___224_> Open           ${MODINSTALL10v8}/modlib/radii.lib

Dynamically allocated memory at   amaxlibraries [B,KiB,MiB]:       256874     250.854     0.245
openf___224_> Open           ${MODINSTALL10v8}/modlib/af_mnchdef.lib
rdwilmo_274_> Mainchain residue conformation classes:  APBLE
openf___224_> Open           ${MODINSTALL10v8}/modlib/mnch.lib
rdclass_257_> Number of classes:        5
openf___224_> Open           ${MODINSTALL10v8}/modlib/mnch1.lib
openf___224_> Open           ${MODINSTALL10v8}/modlib/mnch2.lib
openf___224_> Open           ${MODINSTALL10v8}/modlib/mnch3.lib
openf___224_> Open           ${MODINSTALL10v8}/modlib/xs4.mat
rdrrwgh_268_> Number of residue types:       21
openf___224_> Open           $(LIB)/top_heav.lib
read_to_681_> topology.submodel read from topology file:        3
openf___224_> Open           $(LIB)/par.lib

Dynamically allocated memory at  amaxparameters [B,KiB,MiB]:       396318     387.029     0.378

Dynamically allocated memory at  amaxparameters [B,KiB,MiB]:       397918     388.592     0.379

Dynamically allocated memory at  amaxparameters [B,KiB,MiB]:       401898     392.479     0.383

Dynamically allocated memory at  amaxparameters [B,KiB,MiB]:       403898     394.432     0.385

Dynamically allocated memory at  amaxparameters [B,KiB,MiB]:       406898     397.361     0.388

Dynamically allocated memory at  amaxparameters [B,KiB,MiB]:       411398     401.756     0.392

Dynamically allocated memory at  amaxparameters [B,KiB,MiB]:       416970     407.197     0.398

Dynamically allocated memory at  amaxparameters [B,KiB,MiB]:       419770     409.932     0.400

Dynamically allocated memory at  amaxparameters [B,KiB,MiB]:       423970     414.033     0.404

Dynamically allocated memory at  amaxparameters [B,KiB,MiB]:       430270     420.186     0.410

Dynamically allocated memory at  amaxparameters [B,KiB,MiB]:       433042     422.893     0.413

Dynamically allocated memory at  amaxparameters [B,KiB,MiB]:       434442     424.260     0.414
read_pa_232_> parameters    BONDS   ANGLS  DIHEDS IMPROPS    MODE
                              227     561     661     112       0
openf___224_> Open           1jwp_step1.pdb

Dynamically allocated memory at amaxcoordinates [B,KiB,MiB]:       445487     435.046     0.425

Dynamically allocated memory at    amaxsequence [B,KiB,MiB]:       445563     435.120     0.425

Dynamically allocated memory at amaxcoordinates [B,KiB,MiB]:       445734     435.287     0.425

Dynamically allocated memory at amaxcoordinates [B,KiB,MiB]:       446584     436.117     0.426

Dynamically allocated memory at amaxcoordinates [B,KiB,MiB]:       447842     437.346     0.427

Dynamically allocated memory at amaxcoordinates [B,KiB,MiB]:       449746     439.205     0.429

Dynamically allocated memory at    amaxsequence [B,KiB,MiB]:       449786     439.244     0.429

Dynamically allocated memory at amaxcoordinates [B,KiB,MiB]:       449876     439.332     0.429

Dynamically allocated memory at amaxcoordinates [B,KiB,MiB]:       452732     442.121     0.432

Dynamically allocated memory at    amaxsequence [B,KiB,MiB]:       452792     442.180     0.432

Dynamically allocated memory at amaxcoordinates [B,KiB,MiB]:       452927     442.312     0.432

Dynamically allocated memory at amaxcoordinates [B,KiB,MiB]:       457211     446.495     0.436

Dynamically allocated memory at    amaxsequence [B,KiB,MiB]:       457299     446.581     0.436

Dynamically allocated memory at amaxcoordinates [B,KiB,MiB]:       457497     446.774     0.436

Dynamically allocated memory at amaxcoordinates [B,KiB,MiB]:       463923     453.050     0.442

Dynamically allocated memory at    amaxsequence [B,KiB,MiB]:       464055     453.179     0.443

Dynamically allocated memory at amaxcoordinates [B,KiB,MiB]:       464352     453.469     0.443

Dynamically allocated memory at amaxcoordinates [B,KiB,MiB]:       473974     462.865     0.452

Dynamically allocated memory at    amaxsequence [B,KiB,MiB]:       474174     463.061     0.452

Dynamically allocated memory at amaxcoordinates [B,KiB,MiB]:       474624     463.500     0.453

Dynamically allocated memory at amaxcoordinates [B,KiB,MiB]:       489074     477.611     0.466

Dynamically allocated memory at    amaxsequence [B,KiB,MiB]:       489374     477.904     0.467

Dynamically allocated memory at amaxcoordinates [B,KiB,MiB]:       490049     478.563     0.467

Dynamically allocated memory at amaxcoordinates [B,KiB,MiB]:       511707     499.714     0.488

Dynamically allocated memory at    amaxsequence [B,KiB,MiB]:       512155     500.151     0.488

Dynamically allocated memory at amaxcoordinates [B,KiB,MiB]:       513163     501.136     0.489

Dynamically allocated memory at amaxcoordinates [B,KiB,MiB]:       545667     532.878     0.520

Dynamically allocated memory at       amaxmodel [B,KiB,MiB]:       777539     759.315     0.742
read_mo_297_> Segments, residues, atoms:        1      263     2024
read_mo_298_> Segment:        1  26:A  290:A     2024

Dynamically allocated memory at   amaxalignment [B,KiB,MiB]:       786126     767.701     0.750

Dynamically allocated memory at   amaxstructure [B,KiB,MiB]:       937273     915.306     0.894
mutate_mode_> Model residue 231 changed from ILE to THR

Dynamically allocated memory at   amaxalignment [B,KiB,MiB]:       940216     918.180     0.897

Dynamically allocated memory at   amaxstructure [B,KiB,MiB]:      1091363    1065.784     1.041

Dynamically allocated memory at       amaxmodel [B,KiB,MiB]:      1120723    1094.456     1.069

mkilst______> segment topology constructed from sequence and RTF:
              segments residues  atoms  bonds angles dihedrals impropers:
                     1      263   2022   2056      0         0       807

Dynamically allocated memory at       amaxmodel [B,KiB,MiB]:      1206287    1178.015     1.150

patch_______> segment topology patched using RTF:  1 ;  HIS  ;  NTER
              segments residues  atoms  bonds angles dihedrals impropers:
                     1      263   2022   2056   2786      3260       807


Dynamically allocated memory at       amaxmodel [B,KiB,MiB]:      1298383    1267.952     1.238
patch_______> segment topology patched using RTF:  263 ;  TRP  ;  CTER
              segments residues  atoms  bonds angles dihedrals impropers:
                     1      263   2023   2057   2788      3262       808

genseg______> segment topology constructed from sequence and RTF:
              segments residues  atoms  bonds angles dihedrals impropers:
                     1      263   2023   2057   2788      3262       808
transfe_506_> MODEL is an average of all templates.
transfe_511_> Number of templates for coordinate transfer:        1
              After transferring coordinates of the equivalent template atoms,
              there are defined, undefined atoms in MODEL:     2022        1
openf___224_> Open           1jwp_step1.pdb

Dynamically allocated memory at amaxcoordinates [B,KiB,MiB]:      1309428    1278.738     1.249

Dynamically allocated memory at    amaxsequence [B,KiB,MiB]:      1309504    1278.812     1.249

Dynamically allocated memory at amaxcoordinates [B,KiB,MiB]:      1309675    1278.979     1.249

Dynamically allocated memory at amaxcoordinates [B,KiB,MiB]:      1310525    1279.810     1.250

Dynamically allocated memory at amaxcoordinates [B,KiB,MiB]:      1311783    1281.038     1.251

Dynamically allocated memory at amaxcoordinates [B,KiB,MiB]:      1313687    1282.897     1.253

Dynamically allocated memory at    amaxsequence [B,KiB,MiB]:      1313727    1282.937     1.253

Dynamically allocated memory at amaxcoordinates [B,KiB,MiB]:      1313817    1283.024     1.253

Dynamically allocated memory at amaxcoordinates [B,KiB,MiB]:      1316673    1285.813     1.256

Dynamically allocated memory at    amaxsequence [B,KiB,MiB]:      1316733    1285.872     1.256

Dynamically allocated memory at amaxcoordinates [B,KiB,MiB]:      1316868    1286.004     1.256

Dynamically allocated memory at amaxcoordinates [B,KiB,MiB]:      1321152    1290.188     1.260

Dynamically allocated memory at    amaxsequence [B,KiB,MiB]:      1321240    1290.273     1.260

Dynamically allocated memory at amaxcoordinates [B,KiB,MiB]:      1321438    1290.467     1.260

Dynamically allocated memory at amaxcoordinates [B,KiB,MiB]:      1327864    1296.742     1.266

Dynamically allocated memory at    amaxsequence [B,KiB,MiB]:      1327996    1296.871     1.266

Dynamically allocated memory at amaxcoordinates [B,KiB,MiB]:      1328293    1297.161     1.267

Dynamically allocated memory at amaxcoordinates [B,KiB,MiB]:      1337915    1306.558     1.276

Dynamically allocated memory at    amaxsequence [B,KiB,MiB]:      1338115    1306.753     1.276

Dynamically allocated memory at amaxcoordinates [B,KiB,MiB]:      1338565    1307.192     1.277

Dynamically allocated memory at amaxcoordinates [B,KiB,MiB]:      1353015    1321.304     1.290

Dynamically allocated memory at    amaxsequence [B,KiB,MiB]:      1353315    1321.597     1.291

Dynamically allocated memory at amaxcoordinates [B,KiB,MiB]:      1353990    1322.256     1.291

Dynamically allocated memory at amaxcoordinates [B,KiB,MiB]:      1375648    1343.406     1.312

Dynamically allocated memory at    amaxsequence [B,KiB,MiB]:      1376096    1343.844     1.312

Dynamically allocated memory at amaxcoordinates [B,KiB,MiB]:      1377104    1344.828     1.313

Dynamically allocated memory at amaxcoordinates [B,KiB,MiB]:      1409608    1376.570     1.344

Dynamically allocated memory at       amaxmodel [B,KiB,MiB]:      1641480    1603.008     1.565
read_mo_297_> Segments, residues, atoms:        1      263     2024
read_mo_298_> Segment:        1  26:A  290:A     2024
  #      ALGNMT CODE

  1  1jwp_step1
  2  1jwp_step1
openf___224_> Open           1jwp_step1THR231.tmp
wrpdb___568_> Residues, atoms, selected atoms:      263     2023     2023
openf___224_> Open           1jwp_step1THR231.tmp

Dynamically allocated memory at       amaxmodel [B,KiB,MiB]:      1641480    1603.008     1.565
read_mo_297_> Segments, residues, atoms:        1      263     2023
read_mo_298_> Segment:        1  26:A  290:A     2023
make_re_417_> Restraint type to be calculated:  stereo

Dynamically allocated memory at  amaxrestraints [B,KiB,MiB]:      1747948    1706.980     1.667

Dynamically allocated memory at  amaxrestraints [B,KiB,MiB]:      1756140    1714.980     1.675

Dynamically allocated memory at  amaxrestraints [B,KiB,MiB]:      1772524    1730.980     1.690

Dynamically allocated memory at  amaxrestraints [B,KiB,MiB]:      1805292    1762.980     1.722

Dynamically allocated memory at  amaxrestraints [B,KiB,MiB]:      1838060    1794.980     1.753

Dynamically allocated memory at  amaxrestraints [B,KiB,MiB]:      1903596    1858.980     1.815

Dynamically allocated memory at  amaxrestraints [B,KiB,MiB]:      1936364    1890.980     1.847

Dynamically allocated memory at  amaxrestraints [B,KiB,MiB]:      1969132    1922.980     1.878

Dynamically allocated memory at  amaxrestraints [B,KiB,MiB]:      2034668    1986.980     1.940

Dynamically allocated memory at  amaxrestraints [B,KiB,MiB]:      2165740    2114.980     2.065

Dynamically allocated memory at  amaxrestraints [B,KiB,MiB]:      2231276    2178.980     2.128

Dynamically allocated memory at  amaxrestraints [B,KiB,MiB]:      2296812    2242.980     2.190

Dynamically allocated memory at  amaxrestraints [B,KiB,MiB]:      2427884    2370.980     2.315
r_stere_606_> Stereochemical restraints were constructed from RTF & PRMF.
              Added bond,angle,dihedral,improper restraints  :     2057    2788    3101     796
              Total number of restraints before, now         :        0     8742
make_re_422_> Number of previous, current restraints         :        0     8742
make_re_423_> Number of previous, current selected restraints:        0     8742
make_re_417_> Restraint type to be calculated:  phi-psi_binormal

Dynamically allocated memory at   amaxstructure [B,KiB,MiB]:      2427884    2370.980     2.315
openf___224_> Open           ${MODINSTALL10v8}/modlib/mnch1.bin
openf___224_> Open           ${MODINSTALL10v8}/modlib/mnch1.mdt
getdata_643_> Protein accepted:  1jwp_step1
getdata_289_> Proteins (all/accepted):        1        1
make_re_422_> Number of previous, current restraints         :     8742     9003
make_re_423_> Number of previous, current selected restraints:     8742     9003
make_re_417_> Restraint type to be calculated:  omega_dihedral

Dynamically allocated memory at   amaxstructure [B,KiB,MiB]:      2427900    2370.996     2.315
openf___224_> Open           ${MODINSTALL10v8}/modlib/omega.bin
openf___224_> Open           ${MODINSTALL10v8}/modlib/omega.mdt
getdata_643_> Protein accepted:  1jwp_step1
getdata_289_> Proteins (all/accepted):        1        1
omgdel__425_> Unselected all O C +N +CA dihedrals:      274
              (This is to avoid clashes between STEREO
              and OMEGA_DIHEDRAL restraints)

Dynamically allocated memory at  amaxrestraints [B,KiB,MiB]:      2690044    2626.996     2.565
make_re_422_> Number of previous, current restraints         :     9003     9265
make_re_423_> Number of previous, current selected restraints:     9003     8991
make_re_417_> Restraint type to be calculated:  chi1_dihedral

Dynamically allocated memory at   amaxstructure [B,KiB,MiB]:      2690044    2626.996     2.565
openf___224_> Open           ${MODINSTALL10v8}/modlib/chi1234.bin
openf___224_> Open           ${MODINSTALL10v8}/modlib/chi1.mdt
getdata_643_> Protein accepted:  1jwp_step1
getdata_289_> Proteins (all/accepted):        1        1
make_re_422_> Number of previous, current restraints         :     9265     9482
make_re_423_> Number of previous, current selected restraints:     8991     9208
make_re_417_> Restraint type to be calculated:  chi2_dihedral

Dynamically allocated memory at   amaxstructure [B,KiB,MiB]:      2690044    2626.996     2.565
openf___224_> Open           ${MODINSTALL10v8}/modlib/chi1234.bin
openf___224_> Open           ${MODINSTALL10v8}/modlib/chi2.mdt
getdata_643_> Protein accepted:  1jwp_step1
getdata_289_> Proteins (all/accepted):        1        1

Dynamically allocated memory at  amaxrestraints [B,KiB,MiB]:      2821116    2754.996     2.690
make_re_422_> Number of previous, current restraints         :     9482     9646
make_re_423_> Number of previous, current selected restraints:     9208     9372
make_re_417_> Restraint type to be calculated:  chi3_dihedral

Dynamically allocated memory at   amaxstructure [B,KiB,MiB]:      2821116    2754.996     2.690
openf___224_> Open           ${MODINSTALL10v8}/modlib/chi1234.bin
openf___224_> Open           ${MODINSTALL10v8}/modlib/chi3.mdt
getdata_643_> Protein accepted:  1jwp_step1
getdata_289_> Proteins (all/accepted):        1        1

Dynamically allocated memory at  amaxrestraints [B,KiB,MiB]:      2952188    2882.996     2.815
make_re_422_> Number of previous, current restraints         :     9646     9723
make_re_423_> Number of previous, current selected restraints:     9372     9449
make_re_417_> Restraint type to be calculated:  chi4_dihedral

Dynamically allocated memory at   amaxstructure [B,KiB,MiB]:      2952188    2882.996     2.815
openf___224_> Open           ${MODINSTALL10v8}/modlib/chi1234.bin
openf___224_> Open           ${MODINSTALL10v8}/modlib/chi4.mdt
mdtrsr__446W> A potential that relies on one protein is used, yet you have at
              least one known structure available. MDT, not library, potential is used.
getdata_643_> Protein accepted:  1jwp_step1
getdata_289_> Proteins (all/accepted):        1        1
make_re_422_> Number of previous, current restraints         :     9723     9752
make_re_423_> Number of previous, current selected restraints:     9449     9478
pick_re_612_> Number of MODEL atoms, selected restraints;        7       48

Dynamically allocated memory at amaxhash_contac [B,KiB,MiB]:      3534776    3451.930     3.371

Dynamically allocated memory at  amaxrestraints [B,KiB,MiB]:      3875932    3785.090     3.696


>> ENERGY; Differences between the model's features and restraints:
Number of all residues in MODEL                   :      263
Number of all, selected real atoms                :     2023       7
Number of all, selected pseudo atoms              :        0       0
Number of all static, selected restraints         :     9752      48
COVALENT_CYS                                      :        F
NONBONDED_SEL_ATOMS                               :        1
Number of non-bonded pairs (excluding 1-2,1-3,1-4):       27
Dynamic pairs routine                             : 5, NATM_SEL x NATM double loop
Atomic shift for contacts update (UPDATE_DYNAMIC) :    0.390
LENNARD_JONES_SWITCH                              :    6.500   7.500
COULOMB_JONES_SWITCH                              :    6.500   7.500
RESIDUE_SPAN_RANGE                                :        0   99999
NLOGN_USE                                         :       15
CONTACT_SHELL                                     :    4.000
DYNAMIC_PAIRS,_SPHERE,_COULOMB,_LENNARD,_MODELLER :        T       F       F       T       F
SPHERE_STDV                                       :    0.050
RADII_FACTOR                                      :    0.820
Current energy                                    :          15.7770





Summary of the restraint violations: 

   NUM     ... number of restraints.
   NUMVI   ... number of restraints with RVIOL > VIOL_REPORT_CUT[i].
   RVIOL   ... relative difference from the best value.
   NUMVP   ... number of restraints with -Ln(pdf) > VIOL_REPORT_CUT2[i].
   RMS_1   ... RMS(feature, minimally_violated_basis_restraint, NUMB).
   RMS_2   ... RMS(feature, best_value, NUMB).
   MOL.PDF ... scaled contribution to -Ln(Molecular pdf).

 #                     RESTRAINT_GROUP      NUM   NUMVI  NUMVP   RMS_1   RMS_2         MOL.PDF     S_i
------------------------------------------------------------------------------------------------------
 1 Bond length potential              :       8       0      0   0.029   0.029      1.6976       1.000
 2 Bond angle potential               :      13       0      1   3.025   3.025      2.7079       1.000
 3 Stereochemical cosine torsion poten:      17       0      0  62.540  62.540      5.9143       1.000
 4 Stereochemical improper torsion pot:       4       0      0   1.563   1.563     0.21443       1.000
 5 Soft-sphere overlap restraints     :       0       0      0   0.000   0.000      0.0000       1.000
 6 Lennard-Jones 6-12 potential       :      27       0      0   0.431   0.431      1.3034       1.000
 7 Coulomb point-point electrostatic p:       0       0      0   0.000   0.000      0.0000       1.000
 8 H-bonding potential                :       0       0      0   0.000   0.000      0.0000       1.000
 9 Distance restraints 1 (CA-CA)      :       0       0      0   0.000   0.000      0.0000       1.000
10 Distance restraints 2 (N-O)        :       0       0      0   0.000   0.000      0.0000       1.000
11 Mainchain Phi dihedral restraints  :       0       0      0   0.000   0.000      0.0000       1.000
12 Mainchain Psi dihedral restraints  :       0       0      0   0.000   0.000      0.0000       1.000
13 Mainchain Omega dihedral restraints:       2       0      0   5.380   5.380     0.68318       1.000
14 Sidechain Chi_1 dihedral restraints:       1       0      0 121.140 121.140      1.1982       1.000
15 Sidechain Chi_2 dihedral restraints:       0       0      0   0.000   0.000      0.0000       1.000
16 Sidechain Chi_3 dihedral restraints:       0       0      0   0.000   0.000      0.0000       1.000
17 Sidechain Chi_4 dihedral restraints:       0       0      0   0.000   0.000      0.0000       1.000
18 Disulfide distance restraints      :       0       0      0   0.000   0.000      0.0000       1.000
19 Disulfide angle restraints         :       0       0      0   0.000   0.000      0.0000       1.000
20 Disulfide dihedral angle restraints:       0       0      0   0.000   0.000      0.0000       1.000
21 Lower bound distance restraints    :       0       0      0   0.000   0.000      0.0000       1.000
22 Upper bound distance restraints    :       0       0      0   0.000   0.000      0.0000       1.000
23 Distance restraints 3 (SDCH-MNCH)  :       0       0      0   0.000   0.000      0.0000       1.000
24 Sidechain Chi_5 dihedral restraints:       0       0      0   0.000   0.000      0.0000       1.000
25 Phi/Psi pair of dihedral restraints:       3       0      0  25.413  25.413      2.0578       1.000
26 Distance restraints 4 (SDCH-SDCH)  :       0       0      0   0.000   0.000      0.0000       1.000
27 Distance restraints 5 (X-Y)        :       0       0      0   0.000   0.000      0.0000       1.000
28 NMR distance restraints 6 (X-Y)    :       0       0      0   0.000   0.000      0.0000       1.000
29 NMR distance restraints 7 (X-Y)    :       0       0      0   0.000   0.000      0.0000       1.000
30 Minimal distance restraints        :       0       0      0   0.000   0.000      0.0000       1.000
31 Non-bonded restraints              :       0       0      0   0.000   0.000      0.0000       1.000
32 Atomic accessibility restraints    :       0       0      0   0.000   0.000      0.0000       1.000
33 Atomic density restraints          :       0       0      0   0.000   0.000      0.0000       1.000
34 Absolute position restraints       :       0       0      0   0.000   0.000      0.0000       1.000
35 Dihedral angle difference restraint:       0       0      0   0.000   0.000      0.0000       1.000
36 GBSA implicit solvent potential    :       0       0      0   0.000   0.000      0.0000       1.000
37 EM density fitting potential       :       0       0      0   0.000   0.000      0.0000       1.000
38 SAXS restraints                    :       0       0      0   0.000   0.000      0.0000       1.000
39 Symmetry restraints                :       0       0      0   0.000   0.000      0.0000       1.000



List of the violated restraints:
   A restraint is violated when the relative difference
   from the best value (RVIOL) is larger than CUTOFF.

   ICSR   ... index of a restraint in the current set.
   RESNO  ... residue numbers of the first two atoms.
   ATM    ... IUPAC atom names of the first two atoms.
   FEAT   ... the value of the feature in the model.
   restr  ... the mean of the basis restraint with the smallest
              difference from the model (local minimum).
   viol   ... difference from the local minimum.
   rviol  ... relative difference from the local minimum.
   RESTR  ... the best value (global minimum).
   VIOL   ... difference from the best value.
   RVIOL  ... relative difference from the best value.



report______> Distribution of short non-bonded contacts:

  serious non-bonded atom clash:   414  775   2.041

DISTANCE1:  0.00 2.10 2.20 2.30 2.40 2.50 2.60 2.70 2.80 2.90 3.00 3.10 3.20 3.30 3.40
DISTANCE2:  2.10 2.20 2.30 2.40 2.50 2.60 2.70 2.80 2.90 3.00 3.10 3.20 3.30 3.40 3.50
FREQUENCY:     1    0    0    0    1    6   12   35   92  164  173  226  281  329  347


<< end of ENERGY.
randomi_498_> Atoms,selected atoms,random_seed,amplitude:     2023        7        1        4.0000
randomi_496_> Amplitude is > 0; randomization is done.


>> ENERGY; Differences between the model's features and restraints:
Number of all residues in MODEL                   :      263
Number of all, selected real atoms                :     2023       7
Number of all, selected pseudo atoms              :        0       0
Number of all static, selected restraints         :     9752      48
COVALENT_CYS                                      :        F
NONBONDED_SEL_ATOMS                               :        1
Number of non-bonded pairs (excluding 1-2,1-3,1-4):       31
Dynamic pairs routine                             : 5, NATM_SEL x NATM double loop
Atomic shift for contacts update (UPDATE_DYNAMIC) :    0.390
LENNARD_JONES_SWITCH                              :    6.500   7.500
COULOMB_JONES_SWITCH                              :    6.500   7.500
RESIDUE_SPAN_RANGE                                :        0   99999
NLOGN_USE                                         :       15
CONTACT_SHELL                                     :    4.000
DYNAMIC_PAIRS,_SPHERE,_COULOMB,_LENNARD,_MODELLER :        T       F       F       T       F
SPHERE_STDV                                       :    0.050
RADII_FACTOR                                      :    0.820
Current energy                                    :          13.0999





Summary of the restraint violations: 

   NUM     ... number of restraints.
   NUMVI   ... number of restraints with RVIOL > VIOL_REPORT_CUT[i].
   RVIOL   ... relative difference from the best value.
   NUMVP   ... number of restraints with -Ln(pdf) > VIOL_REPORT_CUT2[i].
   RMS_1   ... RMS(feature, minimally_violated_basis_restraint, NUMB).
   RMS_2   ... RMS(feature, best_value, NUMB).
   MOL.PDF ... scaled contribution to -Ln(Molecular pdf).

 #                     RESTRAINT_GROUP      NUM   NUMVI  NUMVP   RMS_1   RMS_2         MOL.PDF     S_i
------------------------------------------------------------------------------------------------------
 1 Bond length potential              :       8       0      0   0.008   0.008     0.14927       1.000
 2 Bond angle potential               :      13       0      0   2.302   2.302      1.3457       1.000
 3 Stereochemical cosine torsion poten:      17       0      0  61.332  61.332      6.1069       1.000
 4 Stereochemical improper torsion pot:       4       0      0   1.955   1.955     0.33312       1.000
 5 Soft-sphere overlap restraints     :       0       0      0   0.000   0.000      0.0000       1.000
 6 Lennard-Jones 6-12 potential       :      31       0      0   0.437   0.437      1.1306       1.000
 7 Coulomb point-point electrostatic p:       0       0      0   0.000   0.000      0.0000       1.000
 8 H-bonding potential                :       0       0      0   0.000   0.000      0.0000       1.000
 9 Distance restraints 1 (CA-CA)      :       0       0      0   0.000   0.000      0.0000       1.000
10 Distance restraints 2 (N-O)        :       0       0      0   0.000   0.000      0.0000       1.000
11 Mainchain Phi dihedral restraints  :       0       0      0   0.000   0.000      0.0000       1.000
12 Mainchain Psi dihedral restraints  :       0       0      0   0.000   0.000      0.0000       1.000
13 Mainchain Omega dihedral restraints:       2       0      0   7.916   7.916      1.4793       1.000
14 Sidechain Chi_1 dihedral restraints:       1       0      0 106.459 106.459      1.0918       1.000
15 Sidechain Chi_2 dihedral restraints:       0       0      0   0.000   0.000      0.0000       1.000
16 Sidechain Chi_3 dihedral restraints:       0       0      0   0.000   0.000      0.0000       1.000
17 Sidechain Chi_4 dihedral restraints:       0       0      0   0.000   0.000      0.0000       1.000
18 Disulfide distance restraints      :       0       0      0   0.000   0.000      0.0000       1.000
19 Disulfide angle restraints         :       0       0      0   0.000   0.000      0.0000       1.000
20 Disulfide dihedral angle restraints:       0       0      0   0.000   0.000      0.0000       1.000
21 Lower bound distance restraints    :       0       0      0   0.000   0.000      0.0000       1.000
22 Upper bound distance restraints    :       0       0      0   0.000   0.000      0.0000       1.000
23 Distance restraints 3 (SDCH-MNCH)  :       0       0      0   0.000   0.000      0.0000       1.000
24 Sidechain Chi_5 dihedral restraints:       0       0      0   0.000   0.000      0.0000       1.000
25 Phi/Psi pair of dihedral restraints:       3       0      0  22.677  22.677      1.4633       1.000
26 Distance restraints 4 (SDCH-SDCH)  :       0       0      0   0.000   0.000      0.0000       1.000
27 Distance restraints 5 (X-Y)        :       0       0      0   0.000   0.000      0.0000       1.000
28 NMR distance restraints 6 (X-Y)    :       0       0      0   0.000   0.000      0.0000       1.000
29 NMR distance restraints 7 (X-Y)    :       0       0      0   0.000   0.000      0.0000       1.000
30 Minimal distance restraints        :       0       0      0   0.000   0.000      0.0000       1.000
31 Non-bonded restraints              :       0       0      0   0.000   0.000      0.0000       1.000
32 Atomic accessibility restraints    :       0       0      0   0.000   0.000      0.0000       1.000
33 Atomic density restraints          :       0       0      0   0.000   0.000      0.0000       1.000
34 Absolute position restraints       :       0       0      0   0.000   0.000      0.0000       1.000
35 Dihedral angle difference restraint:       0       0      0   0.000   0.000      0.0000       1.000
36 GBSA implicit solvent potential    :       0       0      0   0.000   0.000      0.0000       1.000
37 EM density fitting potential       :       0       0      0   0.000   0.000      0.0000       1.000
38 SAXS restraints                    :       0       0      0   0.000   0.000      0.0000       1.000
39 Symmetry restraints                :       0       0      0   0.000   0.000      0.0000       1.000



List of the violated restraints:
   A restraint is violated when the relative difference
   from the best value (RVIOL) is larger than CUTOFF.

   ICSR   ... index of a restraint in the current set.
   RESNO  ... residue numbers of the first two atoms.
   ATM    ... IUPAC atom names of the first two atoms.
   FEAT   ... the value of the feature in the model.
   restr  ... the mean of the basis restraint with the smallest
              difference from the model (local minimum).
   viol   ... difference from the local minimum.
   rviol  ... relative difference from the local minimum.
   RESTR  ... the best value (global minimum).
   VIOL   ... difference from the best value.
   RVIOL  ... relative difference from the best value.



report______> Distribution of short non-bonded contacts:

  serious non-bonded atom clash:   414  775   2.041

DISTANCE1:  0.00 2.10 2.20 2.30 2.40 2.50 2.60 2.70 2.80 2.90 3.00 3.10 3.20 3.30 3.40
DISTANCE2:  2.10 2.20 2.30 2.40 2.50 2.60 2.70 2.80 2.90 3.00 3.10 3.20 3.30 3.40 3.50
FREQUENCY:     1    0    0    0    1    6   12   35   92  164  172  226  283  329  348


<< end of ENERGY.
openf___224_> Open           1jwp_step1THR231.pdb
wrpdb___568_> Residues, atoms, selected atoms:      263     2023     2023
